Executing prepublish script 'npm run vscode:prepublish'...

> r-plot-pro@0.2.4 vscode:prepublish
> npm run compile


> r-plot-pro@0.2.4 compile
> tsc -p ./

 WARNING  Using '*' activation is usually a bad idea as it impacts performance.
More info: https://code.visualstudio.com/api/references/activation-events#Start-up
Use --allow-star-activation to bypass.
 WARNING  Neither a .vscodeignore file nor a "files" property in package.json was found. To ensure only necessary files are included in your extension, add a .vscodeignore file or specify the "files" property in package.json. More info: https://aka.ms/vscode-vscodeignore

 INFO  Files included in the VSIX:
r-plot-pro-0.2.4.vsix
├─ [Content_Types].xml 
├─ extension.vsixmanifest 
└─ extension/
   ├─ .gitignore [0.05 KB]
   ├─ .r_plot_config.json [0.01 KB]
   ├─ LICENSE.txt [1.04 KB]
   ├─ init.R [1.3 KB]
   ├─ init.jl [0.87 KB]
   ├─ package.json [2.54 KB]
   ├─ plot_server.R [18.72 KB]
   ├─ plot_server.jl [13.41 KB]
   ├─ readme.md [13.47 KB]
   ├─ task.md [0.1 KB]
   ├─ test_plots.R [3.56 KB]
   ├─ test_plots.jl [3.31 KB]
   ├─ tsconfig.json [0.57 KB]
   ├─ vsce_output.log [0.62 KB]
   ├─ assets/
   │  ├─ ex1.png [75.64 KB]
   │  ├─ ex2.png [75.82 KB]
   │  ├─ ex3.png [26.13 KB]
   │  ├─ ex4.png [98.76 KB]
   │  └─ icon.png [372.64 KB]
   ├─ out/
   │  ├─ extension.js [14.71 KB]
   │  └─ extension.js.map [13.07 KB]
   ├─ src/
   │  └─ extension.ts [15.47 KB]
   └─ webview/
      ├─ index.html [16.02 KB]
      ├─ main.js [75.57 KB]
      └─ style.css [23.99 KB]

 DONE  Packaged: /Users/ofurkancoban/Desktop/Data Projects/R Plot Pro/r-plot-pro-0.2.4.vsix (27 files, 633.28 KB)
